// Jest Snapshot v1, https://goo.gl/fbAQLP

exports[`Member Table Rows should render 1`] = `
.emotion-0 {
  font-variant-numeric: lining-nums tabular-nums;
  border-collapse: collapse;
  width: var(--chakra-sizes-full);
}

.emotion-3 {
  text-align: start;
  -webkit-padding-start: var(--chakra-space-6);
  padding-inline-start: var(--chakra-space-6);
  -webkit-padding-end: var(--chakra-space-6);
  padding-inline-end: var(--chakra-space-6);
  padding-top: var(--chakra-space-4);
  padding-bottom: var(--chakra-space-4);
  line-height: var(--chakra-lineHeights-5);
  border-bottom: var(--chakra-borders-1px);
  border-color: var(--chakra-colors-gray-100);
}

.emotion-3[data-is-numeric=true] {
  text-align: end;
}

.emotion-4 {
  display: block;
}

.emotion-9 {
  display: -webkit-inline-box;
  display: -webkit-inline-flex;
  display: -ms-inline-flexbox;
  display: inline-flex;
  vertical-align: top;
  -webkit-align-items: center;
  -webkit-box-align: center;
  -ms-flex-align: center;
  align-items: center;
  max-width: 100%;
  font-weight: var(--chakra-fontWeights-medium);
  line-height: 1.2;
  outline: 2px solid transparent;
  outline-offset: 2px;
  min-height: 1.5rem;
  min-width: 1.5rem;
  font-size: var(--chakra-fontSizes-sm);
  border-radius: var(--chakra-radii-md);
  -webkit-padding-start: var(--chakra-space-2);
  padding-inline-start: var(--chakra-space-2);
  -webkit-padding-end: var(--chakra-space-2);
  padding-inline-end: var(--chakra-space-2);
  background: var(--chakra-colors-green-400);
  color: var(--chakra-colors-white);
}

.emotion-9:focus,
.emotion-9[data-focus] {
  box-shadow: var(--chakra-shadows-outline);
}

.emotion-10 {
  text-align: start;
  -webkit-padding-start: var(--chakra-space-6);
  padding-inline-start: var(--chakra-space-6);
  -webkit-padding-end: var(--chakra-space-6);
  padding-inline-end: var(--chakra-space-6);
  padding-top: 0px;
  padding-bottom: 0px;
  line-height: var(--chakra-lineHeights-5);
  border-bottom: var(--chakra-borders-1px);
  border-color: var(--chakra-colors-gray-100);
}

.emotion-10[data-is-numeric=true] {
  text-align: end;
}

.emotion-11 {
  display: -webkit-box;
  display: -webkit-flex;
  display: -ms-flexbox;
  display: flex;
  -webkit-align-items: center;
  -webkit-box-align: center;
  -ms-flex-align: center;
  align-items: center;
  -webkit-box-pack: center;
  -ms-flex-pack: center;
  -webkit-justify-content: center;
  justify-content: center;
  -webkit-flex-direction: row;
  -ms-flex-direction: row;
  flex-direction: row;
  width: 100%;
}

.emotion-11>*:not(style)~*:not(style) {
  margin-top: 0px;
  -webkit-margin-end: 0px;
  margin-inline-end: 0px;
  margin-bottom: 0px;
  -webkit-margin-start: 0.5rem;
  margin-inline-start: 0.5rem;
}

.emotion-12 {
  display: -webkit-inline-box;
  display: -webkit-inline-flex;
  display: -ms-inline-flexbox;
  display: inline-flex;
  -webkit-appearance: none;
  -moz-appearance: none;
  -ms-appearance: none;
  appearance: none;
  -webkit-align-items: center;
  -webkit-box-align: center;
  -ms-flex-align: center;
  align-items: center;
  -webkit-box-pack: center;
  -ms-flex-pack: center;
  -webkit-justify-content: center;
  justify-content: center;
  -webkit-user-select: none;
  -moz-user-select: none;
  -ms-user-select: none;
  user-select: none;
  position: relative;
  white-space: nowrap;
  vertical-align: middle;
  outline: 2px solid transparent;
  outline-offset: 2px;
  width: auto;
  line-height: 1.2;
  border-radius: var(--chakra-radii-md);
  font-weight: var(--chakra-fontWeights-semibold);
  transition-property: var(--chakra-transition-property-common);
  transition-duration: var(--chakra-transition-duration-normal);
  height: var(--chakra-sizes-10);
  min-width: var(--chakra-sizes-10);
  font-size: var(--chakra-fontSizes-md);
  -webkit-padding-start: var(--chakra-space-4);
  padding-inline-start: var(--chakra-space-4);
  -webkit-padding-end: var(--chakra-space-4);
  padding-inline-end: var(--chakra-space-4);
  background: var(--chakra-colors-transparent);
  color: blue;
}

.emotion-12:focus,
.emotion-12[data-focus] {
  background: var(--chakra-colors-transparent);
}

.emotion-12[disabled],
.emotion-12[aria-disabled=true],
.emotion-12[data-disabled] {
  opacity: 0.4;
  cursor: not-allowed;
  box-shadow: var(--chakra-shadows-none);
}

.emotion-12:hover,
.emotion-12[data-hover] {
  background: var(--chakra-colors-transparent);
}

.emotion-12:active,
.emotion-12[data-active] {
  background: var(--chakra-colors-gray-300);
}

<div>
  <table
    class="chakra-table emotion-0"
    role="table"
  >
    <tbody
      class="emotion-1"
    >
      <tr
        class="emotion-1"
        role="row"
      >
        <td
          class="emotion-3"
          role="gridcell"
        >
          <span
            class="emotion-4"
          >
            FireCoin Exchange
          </span>
        </td>
        <td
          class="emotion-3"
          role="gridcell"
        >
          Apr 20, 2022
        </td>
        <td
          class="emotion-3"
          role="gridcell"
        >
          Nov 19, 2022
        </td>
        <td
          class="emotion-3"
          role="gridcell"
        >
          MainNet
        </td>
        <td
          class="emotion-3"
          role="gridcell"
        >
          <span
            class="emotion-9"
          >
            VERIFIED
          </span>
        </td>
        <td
          class="emotion-10"
          role="gridcell"
        >
          <div
            class="chakra-stack emotion-11"
          >
            <button
              class="chakra-button emotion-12"
              data-testid="member-modal-button"
              type="button"
            >
              <svg
                fill="currentColor"
                font-size="24px"
                height="1em"
                stroke="currentColor"
                stroke-width="0"
                viewBox="0 0 16 16"
                width="1em"
                xmlns="http://www.w3.org/2000/svg"
              >
                <path
                  d="M16 8s-3-5.5-8-5.5S0 8 0 8s3 5.5 8 5.5S16 8 16 8zM1.173 8a13.133 13.133 0 0 1 1.66-2.043C4.12 4.668 5.88 3.5 8 3.5c2.12 0 3.879 1.168 5.168 2.457A13.133 13.133 0 0 1 14.828 8c-.058.087-.122.183-.195.288-.335.48-.83 1.12-1.465 1.755C11.879 11.332 10.119 12.5 8 12.5c-2.12 0-3.879-1.168-5.168-2.457A13.134 13.134 0 0 1 1.172 8z"
                />
                <path
                  d="M8 5.5a2.5 2.5 0 1 0 0 5 2.5 2.5 0 0 0 0-5zM4.5 8a3.5 3.5 0 1 1 7 0 3.5 3.5 0 0 1-7 0z"
                />
              </svg>
            </button>
          </div>
        </td>
      </tr>
      <tr
        class="emotion-1"
        role="row"
      >
        <td
          class="emotion-3"
          role="gridcell"
        >
          <span
            class="emotion-4"
          >
            Test Machine
          </span>
        </td>
        <td
          class="emotion-3"
          role="gridcell"
        >
          Mar 22, 2023
        </td>
        <td
          class="emotion-3"
          role="gridcell"
        >
          May 10, 2023
        </td>
        <td
          class="emotion-3"
          role="gridcell"
        >
          MainNet
        </td>
        <td
          class="emotion-3"
          role="gridcell"
        >
          <span
            class="emotion-9"
          >
            VERIFIED
          </span>
        </td>
        <td
          class="emotion-10"
          role="gridcell"
        >
          <div
            class="chakra-stack emotion-11"
          >
            <button
              class="chakra-button emotion-12"
              data-testid="member-modal-button"
              type="button"
            >
              <svg
                fill="currentColor"
                font-size="24px"
                height="1em"
                stroke="currentColor"
                stroke-width="0"
                viewBox="0 0 16 16"
                width="1em"
                xmlns="http://www.w3.org/2000/svg"
              >
                <path
                  d="M16 8s-3-5.5-8-5.5S0 8 0 8s3 5.5 8 5.5S16 8 16 8zM1.173 8a13.133 13.133 0 0 1 1.66-2.043C4.12 4.668 5.88 3.5 8 3.5c2.12 0 3.879 1.168 5.168 2.457A13.133 13.133 0 0 1 14.828 8c-.058.087-.122.183-.195.288-.335.48-.83 1.12-1.465 1.755C11.879 11.332 10.119 12.5 8 12.5c-2.12 0-3.879-1.168-5.168-2.457A13.134 13.134 0 0 1 1.172 8z"
                />
                <path
                  d="M8 5.5a2.5 2.5 0 1 0 0 5 2.5 2.5 0 0 0 0-5zM4.5 8a3.5 3.5 0 1 1 7 0 3.5 3.5 0 0 1-7 0z"
                />
              </svg>
            </button>
          </div>
        </td>
      </tr>
      <tr
        class="emotion-1"
        role="row"
      >
        <td
          class="emotion-3"
          role="gridcell"
        >
          <span
            class="emotion-4"
          >
            New Coin Exchange
          </span>
        </td>
        <td
          class="emotion-3"
          role="gridcell"
        >
          Jan 20, 2023
        </td>
        <td
          class="emotion-3"
          role="gridcell"
        >
          Jun 18, 2023
        </td>
        <td
          class="emotion-3"
          role="gridcell"
        >
          MainNet
        </td>
        <td
          class="emotion-3"
          role="gridcell"
        >
          <span
            class="emotion-9"
          >
            VERIFIED
          </span>
        </td>
        <td
          class="emotion-10"
          role="gridcell"
        >
          <div
            class="chakra-stack emotion-11"
          >
            <button
              class="chakra-button emotion-12"
              data-testid="member-modal-button"
              type="button"
            >
              <svg
                fill="currentColor"
                font-size="24px"
                height="1em"
                stroke="currentColor"
                stroke-width="0"
                viewBox="0 0 16 16"
                width="1em"
                xmlns="http://www.w3.org/2000/svg"
              >
                <path
                  d="M16 8s-3-5.5-8-5.5S0 8 0 8s3 5.5 8 5.5S16 8 16 8zM1.173 8a13.133 13.133 0 0 1 1.66-2.043C4.12 4.668 5.88 3.5 8 3.5c2.12 0 3.879 1.168 5.168 2.457A13.133 13.133 0 0 1 14.828 8c-.058.087-.122.183-.195.288-.335.48-.83 1.12-1.465 1.755C11.879 11.332 10.119 12.5 8 12.5c-2.12 0-3.879-1.168-5.168-2.457A13.134 13.134 0 0 1 1.172 8z"
                />
                <path
                  d="M8 5.5a2.5 2.5 0 1 0 0 5 2.5 2.5 0 0 0 0-5zM4.5 8a3.5 3.5 0 1 1 7 0 3.5 3.5 0 0 1-7 0z"
                />
              </svg>
            </button>
          </div>
        </td>
      </tr>
    </tbody>
  </table>
</div>
`;
