// Jest Snapshot v1, https://goo.gl/fbAQLP

exports[`MemberSelectNetwork should render 1`] = `
.emotion-0 {
  width: 100%;
  position: relative;
}

.emotion-1 {
  display: block;
  text-align: start;
  font-size: var(--chakra-fontSizes-md);
  -webkit-margin-end: var(--chakra-space-3);
  margin-inline-end: var(--chakra-space-3);
  margin-bottom: var(--chakra-space-2);
  font-weight: var(--chakra-fontWeights-medium);
  transition-property: var(--chakra-transition-property-common);
  transition-duration: var(--chakra-transition-duration-normal);
  opacity: 1;
}

.emotion-1[disabled],
.emotion-1[aria-disabled=true],
.emotion-1[data-disabled] {
  opacity: 0.4;
}

.emotion-2 {
  width: 100%;
  height: -webkit-fit-content;
  height: -moz-fit-content;
  height: fit-content;
  position: relative;
}

.emotion-3 {
  -webkit-padding-end: 2rem;
  padding-inline-end: 2rem;
  width: 100%;
  min-width: 0px;
  outline: 2px solid transparent;
  outline-offset: 2px;
  position: relative;
  -webkit-appearance: none;
  -moz-appearance: none;
  -ms-appearance: none;
  appearance: none;
  transition-property: var(--chakra-transition-property-common);
  transition-duration: var(--chakra-transition-duration-normal);
  background: inherit;
  padding-bottom: 1px;
  line-height: var(--chakra-lineHeights-normal);
  font-size: var(--chakra-fontSizes-md);
  -webkit-padding-start: var(--chakra-space-4);
  padding-inline-start: var(--chakra-space-4);
  height: var(--chakra-sizes-10);
  border-radius: var(--chakra-radii-md);
  border: 1px solid;
  border-color: inherit;
}

.emotion-3>option,
.emotion-3>optgroup {
  background: var(--chakra-colors-white);
}

.emotion-3:hover,
.emotion-3[data-hover] {
  border-color: var(--chakra-colors-gray-300);
}

.emotion-3[aria-readonly=true],
.emotion-3[readonly],
.emotion-3[data-readonly] {
  box-shadow: none!important;
  -webkit-user-select: all;
  -moz-user-select: all;
  -ms-user-select: all;
  user-select: all;
}

.emotion-3[disabled],
.emotion-3[aria-disabled=true],
.emotion-3[data-disabled] {
  opacity: 0.4;
  cursor: not-allowed;
}

.emotion-3[aria-invalid=true],
.emotion-3[data-invalid] {
  border-color: #E53E3E;
  box-shadow: 0 0 0 1px #E53E3E;
}

.emotion-3:focus,
.emotion-3[data-focus] {
  z-index: unset;
  border-color: #3182ce;
  box-shadow: 0 0 0 1px #3182ce;
}

.emotion-4 {
  width: 1.5rem;
  height: 100%;
  right: 0.5rem;
  position: absolute;
  color: currentColor;
  font-size: 1.25rem;
  display: -webkit-inline-box;
  display: -webkit-inline-flex;
  display: -ms-inline-flexbox;
  display: inline-flex;
  -webkit-align-items: center;
  -webkit-box-align: center;
  -ms-flex-align: center;
  align-items: center;
  -webkit-box-pack: center;
  -ms-flex-pack: center;
  -webkit-justify-content: center;
  justify-content: center;
  pointer-events: none;
  top: 50%;
  -webkit-transform: translateY(-50%);
  -moz-transform: translateY(-50%);
  -ms-transform: translateY(-50%);
  transform: translateY(-50%);
}

.emotion-4[disabled],
.emotion-4[aria-disabled=true],
.emotion-4[data-disabled] {
  opacity: 0.5;
}

<div>
  <div
    class="chakra-form-control emotion-0"
    role="group"
  >
    <label
      class="chakra-form__label emotion-1"
      for="field-1"
      id="field-1-label"
    >
      Select Network
    </label>
    <div
      class="chakra-select__wrapper emotion-2"
    >
      <select
        class="chakra-select emotion-3"
        data-testid="select-network"
        id="field-1"
      >
        <option
          selected=""
          value="mainnet"
        >
          MainNet
        </option>
        <option
          value="testnet"
        >
          TestNet
        </option>
      </select>
      <div
        class="chakra-select__icon-wrapper emotion-4"
      >
        <svg
          aria-hidden="true"
          class="chakra-select__icon"
          focusable="false"
          role="presentation"
          style="width: 1em; height: 1em; color: currentColor;"
          viewBox="0 0 24 24"
        >
          <path
            d="M16.59 8.59L12 13.17 7.41 8.59 6 10l6 6 6-6z"
            fill="currentColor"
          />
        </svg>
      </div>
    </div>
  </div>
</div>
`;
