// Jest Snapshot v1, https://goo.gl/fbAQLP

exports[`Network Activity Component should render 1`] = `<div />`;
