// Jest Snapshot v1, https://goo.gl/fbAQLP

exports[`<CertificateReview /> should match snapshot 1`] = `<div />`;
