// Jest Snapshot v1, https://goo.gl/fbAQLP

exports[`<VerifyPage /> should match snapshot 1`] = `
<div>
  <div
    class="chakra-stack css-1jtm99b"
  >
    <div
      class="css-1pwxvtk"
    >
      <div
        class="chakra-container css-1a3ltpp"
      >
        <div
          class="css-104xflu"
        >
          <div
            class="css-1uuxm7r"
          >
            <div
              class="css-0"
            >
              <a
                aria-current="page"
                class="active"
                href="/"
              >
                <a
                  class="chakra-link css-htwawm"
                >
                  <div
                    class="css-1p293e5"
                  >
                    <img
                      alt="Trisa logo"
                      src="trisa_logo.svg"
                    />
                  </div>
                </a>
              </a>
            </div>
            <div
              class="css-1ydjxjn"
            >
              <svg
                viewBox="0 0 20 20"
                width="24px"
                xmlns="http://www.w3.org/2000/svg"
              >
                <title>
                  Menu
                </title>
                <path
                  d="M0 3h20v2H0V3zm0 6h20v2H0V9zm0 6h20v2H0v-2z"
                  fill="black"
                />
              </svg>
            </div>
            <div
              class="chakra-stack css-sz9ruu"
            >
              <div
                class="chakra-stack css-1p6wuvz"
              >
                <div
                  class="chakra-select__wrapper css-aq64ov"
                >
                  <select
                    class="chakra-select css-k7r2wc"
                  >
                    <option
                      value="en"
                    >
                      ðŸ‡ºðŸ‡¸ EN
                    </option>
                    <option
                      value="fr"
                    >
                      ðŸ‡«ðŸ‡· FR
                    </option>
                    <option
                      value="de"
                    >
                      ðŸ‡©ðŸ‡ª DE
                    </option>
                    <option
                      value="zh"
                    >
                      ðŸ‡¨ðŸ‡³ ZH
                    </option>
                    <option
                      value="ja"
                    >
                      ðŸ‡¯ðŸ‡µ JA
                    </option>
                  </select>
                  <div
                    class="chakra-select__icon-wrapper css-zj2dqk"
                  >
                    <svg
                      aria-hidden="true"
                      class="chakra-select__icon"
                      focusable="false"
                      role="presentation"
                      style="width: 1em; height: 1em; color: currentColor;"
                      viewBox="0 0 24 24"
                    >
                      <path
                        d="M16.59 8.59L12 13.17 7.41 8.59 6 10l6 6 6-6z"
                        fill="currentColor"
                      />
                    </svg>
                  </div>
                </div>
              </div>
              <div
                class="chakra-text css-dme2i4"
              >
                <a
                  href="/#about"
                >
                  <a
                    class="chakra-link css-htwawm"
                  >
                    About TRISA
                  </a>
                </a>
              </div>
              <div
                class="chakra-text css-dme2i4"
                data-testid="documentation"
              >
                <a
                  class="chakra-link css-htwawm"
                  href="https://trisa.dev/en"
                  rel="noopener noreferrer"
                  target="_blank"
                >
                  Documentation
                </a>
              </div>
              <div
                class="chakra-stack css-n21gh5"
              >
                <a
                  class=""
                  href="/auth/login"
                >
                  <button
                    class="chakra-button css-1ncsb74"
                    type="button"
                  >
                    Login
                  </button>
                </a>
              </div>
            </div>
          </div>
        </div>
      </div>
    </div>
    <div
      class="css-i9gxme"
    >
      <div
        class="css-at8wy6"
      >
        <div
          class="chakra-stack css-156zt38"
        >
          <div
            class="chakra-alert css-x6jk6h"
            role="alert"
          >
            <span
              class="chakra-alert__icon css-123gu50"
            >
              <svg
                class="chakra-icon css-fi0ww0"
                focusable="false"
                viewBox="0 0 24 24"
              >
                <path
                  d="M11.983,0a12.206,12.206,0,0,0-8.51,3.653A11.8,11.8,0,0,0,0,12.207,11.779,11.779,0,0,0,11.8,24h.214A12.111,12.111,0,0,0,24,11.791h0A11.766,11.766,0,0,0,11.983,0ZM10.5,16.542a1.476,1.476,0,0,1,1.449-1.53h.027a1.527,1.527,0,0,1,1.523,1.47,1.475,1.475,0,0,1-1.449,1.53h-.027A1.529,1.529,0,0,1,10.5,16.542ZM11,12.5v-6a1,1,0,0,1,2,0v6a1,1,0,1,1-2,0Z"
                  fill="currentColor"
                />
              </svg>
            </span>
            <div
              class="chakra-alert__title css-1gvuxlj"
            >
              Unable to Verify Contact
            </div>
            <div
              class="chakra-alert__desc css-1rqsjo7"
            >
              Invalid params
            </div>
          </div>
        </div>
      </div>
    </div>
    <footer
      style="width: 100%;"
    >
      <div
        class="chakra-stack css-1arqzha"
      >
        <div
          class="css-248241"
        >
          <p
            class="chakra-text css-q7d5fr"
          >
            A component of
             
            <a
              class="chakra-link css-1av0s05"
              href="https://trisa.io"
            >
              the TRISA architecture
            </a>
             
            for Cryptocurrency Travel Rule compliance.
          </p>
          <p
            class="chakra-text css-q7d5fr"
          >
            Created and maintained by
             
            <a
              class="chakra-link css-1av0s05"
              href="https://rotational.io"
            >
               
              Rotational Labs
            </a>
             
            in partnership with
             
            <a
              class="chakra-link css-1av0s05"
              href="https://cyphertrace.com"
            >
               
              CipherTrace
            </a>
             
            on behalf of
             
            <a
              class="chakra-link css-1av0s05"
              href="https://trisa.io"
            >
              TRISA
            </a>
             
          </p>
        </div>
      </div>
    </footer>
  </div>
</div>
`;
