// Jest Snapshot v1, https://goo.gl/fbAQLP

exports[`<Tasks /> Should keep the same UI: pending-registrations 1`] = `
<div>
  <div
    class="w-100 card"
  >
    <div
      class="card-body"
    >
      <h4
        class="header-title mb-3"
      >
        Pending Reviews
      </h4>
      <div
        class="text-center flex flex-column justify-content-center"
      >
        <div>
          <svg
            height="40"
            stroke="#6b7280"
            viewBox="0 0 38 38"
            width="40"
            xmlns="http://www.w3.org/2000/svg"
          >
            <g
              fill="none"
              fill-rule="evenodd"
            >
              <g
                stroke-width="2"
                transform="translate(1 1)"
              >
                <circle
                  cx="18"
                  cy="18"
                  r="18"
                  stroke-opacity=".5"
                />
                <path
                  d="M36 18c0-9.94-8.06-18-18-18"
                >
                  <animatetransform
                    attributeName="transform"
                    dur=".7s"
                    from="0 18 18"
                    repeatCount="indefinite"
                    to="360 18 18"
                    type="rotate"
                  />
                </path>
              </g>
            </g>
          </svg>
        </div>
        <div
          class="mt-1"
        >
          <small
            class="block"
          >
            Loading...
          </small>
        </div>
      </div>
    </div>
  </div>
</div>
`;
