// Jest Snapshot v1, https://goo.gl/fbAQLP

exports[`<VaspVerification /> should 1`] = `<div />`;
