// Jest Snapshot v1, https://goo.gl/fbAQLP

exports[`<Tasks /> Should keep the same UI: pending-registrations 1`] = `
<div>
  <div
    class="w-100 card"
  >
    <div
      class="card-body"
    >
      <h4
        class="header-title mb-3"
      >
        Pending and Recent Activity
      </h4>
      <div
        class="text-center"
      >
        <div>
          <img
            alt="no data"
            src="no-data-rafiki.svg"
            width="300"
          />
        </div>
        <p>
          No available pending registrations
        </p>
      </div>
    </div>
  </div>
</div>
`;
