// Jest Snapshot v1, https://goo.gl/fbAQLP

exports[`<ReviewSummary /> should match snapshot 1`] = `<div />`;
