// Jest Snapshot v1, https://goo.gl/fbAQLP

exports[`<TrixoReview /> should match snapshot 1`] = `
<div>
  <div
    class="css-18e1pym"
  >
    <div
      class="chakra-stack css-n21gh5"
    >
      <div
        class="css-18uk989"
      >
        <h2
          class="chakra-heading css-13m0iy4"
        >
          Section 5: TRIXO Questionnaire
        </h2>
        <button
          class="chakra-button css-qhu6kf"
          type="button"
        >
           
          Edit
           
        </button>
      </div>
      <div
        class="chakra-stack css-13yvh52"
      >
        <table
          class="chakra-table css-1jjmdzr"
          role="table"
        >
          <tbody
            class="css-0"
          >
            <tr
              class="css-0"
              role="row"
            >
              <td
                class="css-xumdn4"
                role="gridcell"
              >
                Primary National Jurisdiction
              </td>
              <td
                class="css-xumdn4"
                role="gridcell"
              >
                Afghanistan
              </td>
            </tr>
            <tr
              class="css-0"
              role="row"
            >
              <td
                class="css-xumdn4"
                role="gridcell"
              >
                Name of Primary Regulator
              </td>
              <td
                class="css-xumdn4"
                role="gridcell"
              >
                N/A
              </td>
            </tr>
            <tr
              class="css-0"
              role="row"
            >
              <td
                class="css-xumdn4"
                role="gridcell"
              >
                Other Jurisdictions
              </td>
              <td
                class="css-xumdn4"
                role="gridcell"
              >
                N/A
              </td>
            </tr>
            <tr
              class="css-0"
              role="row"
            >
              <td
                class="css-xumdn4"
                role="gridcell"
              >
                Is your organization permitted to send and/or receive transfers of virtual assets in the jurisdictions in which it operates?
              </td>
              <td
                class="css-xumdn4"
                role="gridcell"
              >
                <span
                  class="css-mvy5bm"
                >
                  <span
                    class="css-12rgubf"
                  >
                    NO
                  </span>
                </span>
              </td>
            </tr>
            <tr
              class="css-0"
              role="row"
            >
              <td
                class="css-xumdn4"
                role="gridcell"
              />
            </tr>
            <tr
              class="css-0"
              role="row"
            >
              <td
                class="css-1eku6qd"
                colspan="2"
                role="gridcell"
              >
                CDD & Travel Rule Policies
              </td>
            </tr>
            <tr
              class="css-0"
              role="row"
            >
              <td
                class="css-xumdn4"
                role="gridcell"
              />
            </tr>
            <tr
              class="css-0"
              role="row"
            >
              <td
                class="css-xumdn4"
                role="gridcell"
              >
                Does your organization have a programme that sets minimum AML, CFT, KYC/CDD and Sanctions standards per the requirements of the jurisdiction(s) regulatory regimes where it is licensed/approved/registered?
              </td>
              <td
                class="css-xumdn4"
                role="gridcell"
              >
                <span
                  class="css-mvy5bm"
                >
                  <span
                    class="css-12rgubf"
                  >
                    NO
                  </span>
                </span>
              </td>
              <td
                class="css-xumdn4"
                role="gridcell"
              />
            </tr>
            <tr
              class="css-0"
              role="row"
            >
              <td
                class="css-xumdn4"
                role="gridcell"
              >
                Does your organization conduct KYC/CDD before permitting its customers to send/receive virtual asset transfers?
              </td>
              <td
                class="css-xumdn4"
                role="gridcell"
              >
                <span
                  class="css-mvy5bm"
                >
                  <span
                    class="css-12rgubf"
                  >
                    NO
                  </span>
                </span>
              </td>
              <td
                class="css-xumdn4"
                role="gridcell"
              />
            </tr>
            <tr
              class="css-0"
              role="row"
            >
              <td
                class="css-xumdn4"
                role="gridcell"
              >
                At what threshold and currency does your organization conduct KYC?
              </td>
              <td
                class="css-i257lr"
                role="gridcell"
              >
                <p
                  class="chakra-text css-0"
                >
                  $0.00
                   
                  USD
                </p>
              </td>
              <td
                class="css-xumdn4"
                role="gridcell"
              />
            </tr>
            <tr
              class="css-0"
              role="row"
            >
              <td
                class="css-xumdn4"
                role="gridcell"
              >
                Is your organization required to comply with the application of the Travel Rule standards in the jurisdiction(s) where it is licensed/approved/registered?
              </td>
              <td
                class="css-xumdn4"
                role="gridcell"
              >
                <span
                  class="css-mvy5bm"
                >
                  <span
                    class="css-12rgubf"
                  >
                    NO
                  </span>
                </span>
              </td>
              <td
                class="css-xumdn4"
                role="gridcell"
              />
            </tr>
            <tr
              class="css-0"
              role="row"
            >
              <td
                class="css-xumdn4"
                role="gridcell"
              >
                Applicable Regulations
              </td>
              <td
                class="css-xumdn4"
                role="gridcell"
              >
                <p
                  class="chakra-text css-0"
                >
                  FATF Recommendation 16
                </p>
              </td>
              <td
                class="css-xumdn4"
                role="gridcell"
              />
            </tr>
            <tr
              class="css-0"
              role="row"
            >
              <td
                class="css-xumdn4"
                role="gridcell"
              >
                What is the minimum threshold for Travel Rule compliance?
              </td>
              <td
                class="css-i257lr"
                role="gridcell"
              >
                $3,000.00
                 
                USD
              </td>
              <td
                class="css-xumdn4"
                role="gridcell"
              />
            </tr>
            <tr
              class="css-0"
              role="row"
            >
              <td
                class="css-xumdn4"
                role="gridcell"
              />
            </tr>
            <tr
              class="css-0"
              role="row"
            >
              <td
                class="css-1eku6qd"
                colspan="2"
                role="gridcell"
              >
                Data Protection Policies
              </td>
            </tr>
            <tr
              class="css-0"
              role="row"
            >
              <td
                class="css-xumdn4"
                role="gridcell"
              />
            </tr>
            <tr
              class="css-0"
              role="row"
            >
              <td
                class="css-xumdn4"
                role="gridcell"
              >
                Is your organization required by law to safeguard PII?
              </td>
              <td
                class="css-xumdn4"
                role="gridcell"
              >
                <span
                  class="css-mvy5bm"
                >
                  <span
                    class="css-12rgubf"
                  >
                    NO
                  </span>
                </span>
              </td>
              <td
                class="css-xumdn4"
                role="gridcell"
              />
            </tr>
            <tr
              class="css-0"
              role="row"
            >
              <td
                class="css-xumdn4"
                role="gridcell"
              >
                Does your organization secure and protect PII, including PII received from other VASPs under the Travel Rule?
              </td>
              <td
                class="css-xumdn4"
                role="gridcell"
              >
                <span
                  class="css-mvy5bm"
                >
                  <span
                    class="css-12rgubf"
                  >
                    NO
                  </span>
                </span>
              </td>
              <td
                class="css-xumdn4"
                role="gridcell"
              />
            </tr>
          </tbody>
        </table>
      </div>
    </div>
  </div>
</div>
`;
